
> grocery-app@1.0.0 test
> jest --ci --no-cache

node.exe : FAIL lib/__tests__/categoriesApi.test.ts (5.658 s)
строка:1 знак:1
+ & "D:\Apps\nodejs/node.exe" "D:\AppData\Roaming\npm/node_modules/npm/ ...
+ ~~~~~~~~~~~~~~~~~~~~~~~~~~~~~~~~~~~~~~~~~~~~~~~~~~~~~~~~~~~~~~~~~~~~~
    + CategoryInfo          : NotSpecified: (FAIL lib/__test...st.ts (5.658 s):String) [], RemoteException
    + FullyQualifiedErrorId : NativeCommandError
 
  тЧП categoriesApi тА║ fetchFullHierarchy тА║ should build recursive hierarchy using subcategory fetches

    TypeError: _supabase.supabase.from(...).select(...).order(...).setHeader is not a function

    [0m [90m 56 |[39m     [33m.[39mselect([32m'*'[39m)
     [90m 57 |[39m     [33m.[39morder([32m'sort_order'[39m[33m,[39m { ascending[33m:[39m [36mtrue[39m })
    [31m[1m>[22m[39m[90m 58 |[39m     [33m.[39msetHeader([32m'Cache-Control'[39m[33m,[39m [32m'no-cache'[
39m)[33m;[39m
     [90m    |[39m      [31m[1m^[22m[39m
     [90m 59 |[39m
     [90m 60 |[39m   [36mif[39m (error) {
     [90m 61 |[39m     [36mthrow[39m [36mnew[39m [33mError[39m([32m`╨Э╨╡ ╤Г╨┤╨░╨╗╨╛╤Б╤М ╨╖╨░╨│╤А╤Г╨╖╨╕╤В╤М ╨▓╤
Б╨╡ ╨║╨░╤В╨╡╨│╨╛╤А╨╕╨╕: ${error.message}`[39m)[33m;[39m[0m

      at setHeader (lib/categoriesApi.ts:58:6)
      at asyncGeneratorStep (node_modules/@babel/runtime/helpers/asyncToGenerator.js:3:17)
      at _next (node_modules/@babel/runtime/helpers/asyncToGenerator.js:17:9)
      at node_modules/@babel/runtime/helpers/asyncToGenerator.js:22:7
      at node_modules/@babel/runtime/helpers/asyncToGenerator.js:14:12
      at apply (lib/categoriesApi.ts:81:2)
      at apply (lib/categoriesApi.ts:52:41)
      at Object.<anonymous> (lib/__tests__/categoriesApi.test.ts:83:46)
      at asyncGeneratorStep (node_modules/@babel/runtime/helpers/asyncToGenerator.js:3:17)
      at _next (node_modules/@babel/runtime/helpers/asyncToGenerator.js:17:9)
      at node_modules/@babel/runtime/helpers/asyncToGenerator.js:22:7
      at Object.<anonymous> (node_modules/@babel/runtime/helpers/asyncToGenerator.js:14:12)

PASS store/__tests__/addressStore.test.ts (5.77 s)
PASS store/__tests__/cartStore.test.ts (5.905 s)
PASS utils/__tests__/mosaicLayout.test.ts (5.564 s)
PASS store/__tests__/categoryStore.test.ts (6.032 s)
  тЧП Console

    console.info
      ╨Ш╨╡╤А╨░╤А╤Е╨╕╤П ╨║╨░╤В╨╡╨│╨╛╤А╨╕╨╣ ╨╛╨▒╨╜╨╛╨▓╨╗╨╡╨╜╨░ (1 ╨║╨╛╤А╨╜╨╡╨╣)

      at Object.apply [as info] (lib/logger.ts:26:19)

PASS utils/__tests__/addressFormatter.test.ts (6.186 s)
PASS components/__tests__/OrderCard.test.tsx (13.885 s)
  тЧП Console

    console.error
      An update to Icon inside a test was not wrapped in act(...).
      
      When testing, code that causes React state updates should be wrapped into act(...):
      
      act(() => {
        /* fire events that update state */
      });
      /* assert on the output */
      
      This ensures that you're testing the behavior the user would see in the browser. Learn more at https://react.dev/
link/wrap-tests-with-act

      at node_modules/react-test-renderer/cjs/react-test-renderer.development.js:11801:19
      at runWithFiberInDEV (node_modules/react-test-renderer/cjs/react-test-renderer.development.js:1574:13)
      at warnIfUpdatesNotWrappedWithActDEV (node_modules/react-test-renderer/cjs/react-test-renderer.development.js:118
00:9)
      at scheduleUpdateOnFiber (node_modules/react-test-renderer/cjs/react-test-renderer.development.js:10326:9)
      at Object.enqueueSetState (node_modules/react-test-renderer/cjs/react-test-renderer.development.js:14179:14)
      at Icon.Object.<anonymous>.process.env.NODE_ENV.Component.setState (node_modules/react/cjs/react.development.js:6
32:20)
      at Icon.setState (node_modules/@expo/vector-icons/src/createIconSet.tsx:181:31)
      at asyncGeneratorStep (node_modules/@babel/runtime/helpers/asyncToGenerator.js:3:17)
      at _next (node_modules/@babel/runtime/helpers/asyncToGenerator.js:17:9)

    console.error
      An update to Icon inside a test was not wrapped in act(...).
      
      When testing, code that causes React state updates should be wrapped into act(...):
      
      act(() => {
        /* fire events that update state */
      });
      /* assert on the output */
      
      This ensures that you're testing the behavior the user would see in the browser. Learn more at https://react.dev/
link/wrap-tests-with-act

      at node_modules/react-test-renderer/cjs/react-test-renderer.development.js:11801:19
      at runWithFiberInDEV (node_modules/react-test-renderer/cjs/react-test-renderer.development.js:1574:13)
      at warnIfUpdatesNotWrappedWithActDEV (node_modules/react-test-renderer/cjs/react-test-renderer.development.js:118
00:9)
      at scheduleUpdateOnFiber (node_modules/react-test-renderer/cjs/react-test-renderer.development.js:10326:9)
      at Object.enqueueSetState (node_modules/react-test-renderer/cjs/react-test-renderer.development.js:14179:14)
      at Icon.Object.<anonymous>.process.env.NODE_ENV.Component.setState (node_modules/react/cjs/react.development.js:6
32:20)
      at Icon.setState (node_modules/@expo/vector-icons/src/createIconSet.tsx:181:31)
      at asyncGeneratorStep (node_modules/@babel/runtime/helpers/asyncToGenerator.js:3:17)
      at _next (node_modules/@babel/runtime/helpers/asyncToGenerator.js:17:9)

PASS components/__tests__/AddressSearchInput.test.tsx (15.597 s)
  тЧП Console

    console.error
      An update to Icon inside a test was not wrapped in act(...).
      
      When testing, code that causes React state updates should be wrapped into act(...):
      
      act(() => {
        /* fire events that update state */
      });
      /* assert on the output */
      
      This ensures that you're testing the behavior the user would see in the browser. Learn more at https://react.dev/
link/wrap-tests-with-act

      at node_modules/react-test-renderer/cjs/react-test-renderer.development.js:11801:19
      at runWithFiberInDEV (node_modules/react-test-renderer/cjs/react-test-renderer.development.js:1574:13)
      at warnIfUpdatesNotWrappedWithActDEV (node_modules/react-test-renderer/cjs/react-test-renderer.development.js:118
00:9)
      at scheduleUpdateOnFiber (node_modules/react-test-renderer/cjs/react-test-renderer.development.js:10326:9)
      at Object.enqueueSetState (node_modules/react-test-renderer/cjs/react-test-renderer.development.js:14179:14)
      at Icon.Object.<anonymous>.process.env.NODE_ENV.Component.setState (node_modules/react/cjs/react.development.js:6
32:20)
      at Icon.setState (node_modules/@expo/vector-icons/src/createIconSet.tsx:181:31)
      at asyncGeneratorStep (node_modules/@babel/runtime/helpers/asyncToGenerator.js:3:17)
      at _next (node_modules/@babel/runtime/helpers/asyncToGenerator.js:17:9)

PASS components/__tests__/CartItem.test.tsx (32.661 s)
  тЧП Console

    console.error
      An update to Icon inside a test was not wrapped in act(...).
      
      When testing, code that causes React state updates should be wrapped into act(...):
      
      act(() => {
        /* fire events that update state */
      });
      /* assert on the output */
      
      This ensures that you're testing the behavior the user would see in the browser. Learn more at https://react.dev/
link/wrap-tests-with-act

      at node_modules/react-test-renderer/cjs/react-test-renderer.development.js:11801:19
      at runWithFiberInDEV (node_modules/react-test-renderer/cjs/react-test-renderer.development.js:1574:13)
      at warnIfUpdatesNotWrappedWithActDEV (node_modules/react-test-renderer/cjs/react-test-renderer.development.js:118
00:9)
      at scheduleUpdateOnFiber (node_modules/react-test-renderer/cjs/react-test-renderer.development.js:10326:9)
      at Object.enqueueSetState (node_modules/react-test-renderer/cjs/react-test-renderer.development.js:14179:14)
      at Icon.Object.<anonymous>.process.env.NODE_ENV.Component.setState (node_modules/react/cjs/react.development.js:6
32:20)
      at Icon.setState (node_modules/@expo/vector-icons/src/createIconSet.tsx:181:31)
      at asyncGeneratorStep (node_modules/@babel/runtime/helpers/asyncToGenerator.js:3:17)
      at _next (node_modules/@babel/runtime/helpers/asyncToGenerator.js:17:9)

    console.error
      An update to Icon inside a test was not wrapped in act(...).
      
      When testing, code that causes React state updates should be wrapped into act(...):
      
      act(() => {
        /* fire events that update state */
      });
      /* assert on the output */
      
      This ensures that you're testing the behavior the user would see in the browser. Learn more at https://react.dev/
link/wrap-tests-with-act

      at node_modules/react-test-renderer/cjs/react-test-renderer.development.js:11801:19
      at runWithFiberInDEV (node_modules/react-test-renderer/cjs/react-test-renderer.development.js:1574:13)
      at warnIfUpdatesNotWrappedWithActDEV (node_modules/react-test-renderer/cjs/react-test-renderer.development.js:118
00:9)
      at scheduleUpdateOnFiber (node_modules/react-test-renderer/cjs/react-test-renderer.development.js:10326:9)
      at Object.enqueueSetState (node_modules/react-test-renderer/cjs/react-test-renderer.development.js:14179:14)
      at Icon.Object.<anonymous>.process.env.NODE_ENV.Component.setState (node_modules/react/cjs/react.development.js:6
32:20)
      at Icon.setState (node_modules/@expo/vector-icons/src/createIconSet.tsx:181:31)
      at asyncGeneratorStep (node_modules/@babel/runtime/helpers/asyncToGenerator.js:3:17)
      at _next (node_modules/@babel/runtime/helpers/asyncToGenerator.js:17:9)

    console.error
      An update to Icon inside a test was not wrapped in act(...).
      
      When testing, code that causes React state updates should be wrapped into act(...):
      
      act(() => {
        /* fire events that update state */
      });
      /* assert on the output */
      
      This ensures that you're testing the behavior the user would see in the browser. Learn more at https://react.dev/
link/wrap-tests-with-act

      at node_modules/react-test-renderer/cjs/react-test-renderer.development.js:11801:19
      at runWithFiberInDEV (node_modules/react-test-renderer/cjs/react-test-renderer.development.js:1574:13)
      at warnIfUpdatesNotWrappedWithActDEV (node_modules/react-test-renderer/cjs/react-test-renderer.development.js:118
00:9)
      at scheduleUpdateOnFiber (node_modules/react-test-renderer/cjs/react-test-renderer.development.js:10326:9)
      at Object.enqueueSetState (node_modules/react-test-renderer/cjs/react-test-renderer.development.js:14179:14)
      at Icon.Object.<anonymous>.process.env.NODE_ENV.Component.setState (node_modules/react/cjs/react.development.js:6
32:20)
      at Icon.setState (node_modules/@expo/vector-icons/src/createIconSet.tsx:181:31)
      at asyncGeneratorStep (node_modules/@babel/runtime/helpers/asyncToGenerator.js:3:17)
      at _next (node_modules/@babel/runtime/helpers/asyncToGenerator.js:17:9)

PASS components/__tests__/SubcategoryCard.test.tsx (32.327 s)
PASS components/__tests__/ProductCard.test.tsx (32.615 s)
  тЧП Console

    console.error
      An update to Icon inside a test was not wrapped in act(...).
      
      When testing, code that causes React state updates should be wrapped into act(...):
      
      act(() => {
        /* fire events that update state */
      });
      /* assert on the output */
      
      This ensures that you're testing the behavior the user would see in the browser. Learn more at https://react.dev/
link/wrap-tests-with-act

      at node_modules/react-test-renderer/cjs/react-test-renderer.development.js:11801:19
      at runWithFiberInDEV (node_modules/react-test-renderer/cjs/react-test-renderer.development.js:1574:13)
      at warnIfUpdatesNotWrappedWithActDEV (node_modules/react-test-renderer/cjs/react-test-renderer.development.js:118
00:9)
      at scheduleUpdateOnFiber (node_modules/react-test-renderer/cjs/react-test-renderer.development.js:10326:9)
      at Object.enqueueSetState (node_modules/react-test-renderer/cjs/react-test-renderer.development.js:14179:14)
      at Icon.Object.<anonymous>.process.env.NODE_ENV.Component.setState (node_modules/react/cjs/react.development.js:6
32:20)
      at Icon.setState (node_modules/@expo/vector-icons/src/createIconSet.tsx:181:31)
      at asyncGeneratorStep (node_modules/@babel/runtime/helpers/asyncToGenerator.js:3:17)
      at _next (node_modules/@babel/runtime/helpers/asyncToGenerator.js:17:9)


Test Suites: 1 failed, 10 passed, 11 total
Tests:       1 failed, 60 passed, 61 total
Snapshots:   0 total
Time:        35.404 s
Ran all test suites.
